// Jest Snapshot v1, https://goo.gl/fbAQLP

exports[`<Profile /> verify snapshot 1`] = `
<form
  noValidate={true}
  onSubmit={[Function]}
>
  <div>
    <label
      htmlFor="username"
    >
      Username
    </label>
    <Field
      controls={Object {}}
      id="username"
      type="text"
    />
  </div>
  <div>
    <label
      htmlFor="displayName"
    >
      Display Name
    </label>
    <Field
      controls={Object {}}
      id="displayName"
      type="text"
    />
  </div>
  <div>
    <label
      htmlFor="email"
    >
      Email
    </label>
    <Field
      controls={Object {}}
      id="email"
      type="email"
    />
  </div>
  <button
    type="submit"
  >
    Submit
  </button>
</form>
`;
